Copyright 1986-2018 Xilinx, Inc. All Rights Reserved.
--------------------------------------------------------------------------------------------
| Tool Version : Vivado v.2018.3 (win64) Build 2405991 Thu Dec  6 23:38:27 MST 2018
| Date         : Sun Mar 22 14:51:06 2026
| Host         : Re1nA running 64-bit major release  (build 9200)
| Command      : report_control_sets -verbose -file project_mvp_top_control_sets_placed.rpt
| Design       : project_mvp_top
| Device       : xc7a100t
--------------------------------------------------------------------------------------------

Control Set Information

Table of Contents
-----------------
1. Summary
2. Histogram
3. Flip-Flop Distribution
4. Detailed Control Set Information

1. Summary
----------

+----------------------------------------------------------+-------+
|                          Status                          | Count |
+----------------------------------------------------------+-------+
| Number of unique control sets                            |   105 |
| Unused register locations in slices containing registers |   629 |
+----------------------------------------------------------+-------+


2. Histogram
------------

+--------+--------------+
| Fanout | Control Sets |
+--------+--------------+
|      1 |            8 |
|      2 |            2 |
|      3 |            2 |
|      4 |            1 |
|      5 |            1 |
|      7 |            1 |
|      8 |            2 |
|      9 |            2 |
|     10 |            3 |
|     12 |            1 |
|     14 |            2 |
|    16+ |           80 |
+--------+--------------+


3. Flip-Flop Distribution
-------------------------

+--------------+-----------------------+------------------------+-----------------+--------------+
| Clock Enable | Synchronous Set/Reset | Asynchronous Set/Reset | Total Registers | Total Slices |
+--------------+-----------------------+------------------------+-----------------+--------------+
| No           | No                    | No                     |               5 |            5 |
| No           | No                    | Yes                    |               0 |            0 |
| No           | Yes                   | No                     |              75 |           34 |
| Yes          | No                    | No                     |               2 |            1 |
| Yes          | No                    | Yes                    |              16 |            4 |
| Yes          | Yes                   | No                     |            1497 |          492 |
+--------------+-----------------------+------------------------+-----------------+--------------+


4. Detailed Control Set Information
-----------------------------------

+------------------------+---------------------------------------+-------------------------------------------------+------------------+----------------+
|      Clock Signal      |             Enable Signal             |                 Set/Reset Signal                | Slice Load Count | Bel Load Count |
+------------------------+---------------------------------------+-------------------------------------------------+------------------+----------------+
|  clk_IBUF_BUFG         | uart_rx_1/data_out[2]                 | uart_rx_1/data_out[7]_i_1_n_0                   |                1 |              1 |
|  clk_IBUF_BUFG         | uart_rx_1/data_out[0]                 | uart_rx_1/data_out[7]_i_1_n_0                   |                1 |              1 |
|  clk_IBUF_BUFG         | uart_rx_1/data_out[1]                 | uart_rx_1/data_out[7]_i_1_n_0                   |                1 |              1 |
|  clk_IBUF_BUFG         | uart_rx_1/data_out[4]                 | uart_rx_1/data_out[7]_i_1_n_0                   |                1 |              1 |
|  clk_IBUF_BUFG         | uart_rx_1/data_out[5]                 | uart_rx_1/data_out[7]_i_1_n_0                   |                1 |              1 |
|  clk_IBUF_BUFG         | uart_rx_1/data_out[7]                 | uart_rx_1/data_out[7]_i_1_n_0                   |                1 |              1 |
|  clk_IBUF_BUFG         | uart_rx_1/data_out[3]                 | uart_rx_1/data_out[7]_i_1_n_0                   |                1 |              1 |
|  clk_IBUF_BUFG         | uart_rx_1/data_out[6]                 | uart_rx_1/data_out[7]_i_1_n_0                   |                1 |              1 |
|  clk_IBUF_BUFG         |                                       |                                                 |                2 |              2 |
|  clk_IBUF_BUFG         | load_done                             |                                                 |                1 |              2 |
|  vga_clk/inst/clk_out1 |                                       |                                                 |                3 |              3 |
|  vga_clk/inst/clk_out1 |                                       | reset_IBUF                                      |                2 |              3 |
|  vga_clk/inst/clk_out1 |                                       | vga_buf_1/vga_output_1/data_valid_delayed_reg   |                1 |              4 |
|  clk_IBUF_BUFG         | u_compute/u_checker/state_reg[4][0]   | u_compute/u_checker/load_done_reg               |                2 |              5 |
|  clk_IBUF_BUFG         | u_compute/k_reg[6]_i_1_n_0            | u_compute/u_checker/load_done_reg               |                2 |              7 |
|  clk_IBUF_BUFG         | uart_buf_1/byte1[7]_i_1_n_0           | reset_IBUF                                      |                1 |              8 |
|  clk_IBUF_BUFG         | uart_buf_1/byte0[7]_i_1_n_0           | reset_IBUF                                      |                1 |              8 |
|  clk_IBUF_BUFG         | u_compute/u_checker/CEP               | u_compute/u_checker/load_done_reg               |                4 |              9 |
|  clk_IBUF_BUFG         | u_compute/u_checker/state_reg[0]_0[0] | u_compute/u_checker/load_done_reg               |                4 |              9 |
|  clk_IBUF_BUFG         |                                       | u_compute/u_checker/load_done_reg               |                6 |             10 |
|  vga_clk/inst/clk_out1 |                                       | vga_buf_1/vga_output_1/h_count[9]_i_1_n_0       |                5 |             10 |
|  vga_clk/inst/clk_out1 | vga_buf_1/vga_output_1/v_count1__4    | vga_buf_1/vga_output_1/v_count[9]_i_1_n_0       |                3 |             10 |
|  clk_IBUF_BUFG         |                                       | reset_IBUF                                      |                5 |             12 |
|  clk_IBUF_BUFG         | u_compute/compute_rd_addr[13]_i_1_n_0 | u_compute/u_checker/load_done_reg               |                4 |             14 |
|  clk_IBUF_BUFG         | uart_rx_1/rx_state                    | reset_IBUF                                      |                4 |             14 |
|  clk_IBUF_BUFG         |                                       | uart_rx_1/clk_count[15]_i_1_n_0                 |                7 |             16 |
|  clk_IBUF_BUFG         | u_compute/out_wea                     | reset_IBUF                                      |                4 |             16 |
|  clk_IBUF_BUFG         | u_compute/u_checker/exp_A0_reg[17]0   | u_compute/u_checker/load_done_reg               |                4 |             17 |
|  clk_IBUF_BUFG         | u_compute/u_checker/exp_A0_reg[20]0   | u_compute/u_checker/load_done_reg               |                3 |             17 |
|  clk_IBUF_BUFG         | u_compute/u_checker/exp_A0_reg[12]0   | u_compute/u_checker/load_done_reg               |                3 |             17 |
|  clk_IBUF_BUFG         | u_compute/u_checker/exp_A0_reg[31]0   | u_compute/u_checker/load_done_reg               |               10 |             17 |
|  clk_IBUF_BUFG         | u_compute/u_checker/exp_A0_reg[3]0    | u_compute/u_checker/load_done_reg               |                7 |             17 |
|  clk_IBUF_BUFG         | u_compute/u_checker/exp_A0_reg[46]0   | u_compute/u_checker/load_done_reg               |               10 |             17 |
|  clk_IBUF_BUFG         | u_compute/u_checker/exp_A0_reg[10]0   | u_compute/u_checker/load_done_reg               |                3 |             17 |
|  clk_IBUF_BUFG         | u_compute/u_checker/exp_A0_reg[48]0   | u_compute/u_checker/load_done_reg               |                5 |             17 |
|  clk_IBUF_BUFG         | u_compute/u_checker/exp_A0_reg[50]0   | u_compute/u_checker/load_done_reg               |                5 |             17 |
|  clk_IBUF_BUFG         | u_compute/u_checker/exp_A0_reg[24]0   | u_compute/u_checker/load_done_reg               |                3 |             17 |
|  clk_IBUF_BUFG         | u_compute/u_checker/exp_A0_reg[38]0   | u_compute/u_checker/load_done_reg               |                4 |             17 |
|  clk_IBUF_BUFG         | u_compute/u_checker/exp_A0_reg[13]0   | u_compute/u_checker/load_done_reg               |                8 |             17 |
|  clk_IBUF_BUFG         | u_compute/u_checker/exp_A0_reg[25]0   | u_compute/u_checker/load_done_reg               |                6 |             17 |
|  clk_IBUF_BUFG         | u_compute/u_checker/exp_A0_reg[27]0   | u_compute/u_checker/load_done_reg               |                4 |             17 |
|  clk_IBUF_BUFG         | u_compute/u_checker/exp_A0_reg[35]0   | u_compute/u_checker/load_done_reg               |                8 |             17 |
|  clk_IBUF_BUFG         | u_compute/u_checker/exp_A0_reg[11]0   | u_compute/u_checker/load_done_reg               |                8 |             17 |
|  clk_IBUF_BUFG         | u_compute/u_checker/exp_A0_reg[39]0   | u_compute/u_checker/load_done_reg               |                3 |             17 |
|  clk_IBUF_BUFG         | u_compute/u_checker/exp_A0_reg[43]0   | u_compute/u_checker/load_done_reg               |                5 |             17 |
|  clk_IBUF_BUFG         | u_compute/u_checker/exp_A0_reg[21]0   | u_compute/u_checker/load_done_reg               |                6 |             17 |
|  clk_IBUF_BUFG         | u_compute/u_checker/exp_A0_reg[29]0   | u_compute/u_checker/load_done_reg               |                5 |             17 |
|  clk_IBUF_BUFG         | u_compute/u_checker/exp_A0_reg[26]0   | u_compute/u_checker/load_done_reg               |                3 |             17 |
|  clk_IBUF_BUFG         | u_compute/u_checker/exp_A0_reg[37]0   | u_compute/u_checker/load_done_reg               |                8 |             17 |
|  clk_IBUF_BUFG         | u_compute/u_checker/exp_A0_reg[44]0   | u_compute/u_checker/load_done_reg               |                5 |             17 |
|  clk_IBUF_BUFG         | u_compute/u_checker/exp_A0_reg[34]0   | u_compute/u_checker/load_done_reg               |                9 |             17 |
|  clk_IBUF_BUFG         | u_compute/u_checker/exp_A0_reg[36]0   | u_compute/u_checker/load_done_reg               |                5 |             17 |
|  clk_IBUF_BUFG         | u_compute/u_checker/exp_A0_reg[53]0   | u_compute/u_checker/load_done_reg               |                6 |             17 |
|  clk_IBUF_BUFG         | u_compute/u_checker/exp_A0_reg[28]0   | u_compute/u_checker/load_done_reg               |                4 |             17 |
|  clk_IBUF_BUFG         | u_compute/u_checker/exp_A0_reg[16]0   | u_compute/u_checker/load_done_reg               |                5 |             17 |
|  clk_IBUF_BUFG         | u_compute/u_checker/exp_A0_reg[19]0   | u_compute/u_checker/load_done_reg               |                8 |             17 |
|  clk_IBUF_BUFG         | u_compute/u_checker/exp_A0_reg[1]0    | u_compute/u_checker/load_done_reg               |                4 |             17 |
|  clk_IBUF_BUFG         | u_compute/u_checker/exp_A0_reg[15]0   | u_compute/u_checker/load_done_reg               |                5 |             17 |
|  clk_IBUF_BUFG         | u_compute/u_checker/exp_A0_reg[18]0   | u_compute/u_checker/load_done_reg               |                5 |             17 |
|  clk_IBUF_BUFG         | u_compute/u_checker/exp_A0_reg[30]0   | u_compute/u_checker/load_done_reg               |               13 |             17 |
|  clk_IBUF_BUFG         | u_compute/u_checker/exp_A0_reg[45]0   | u_compute/u_checker/load_done_reg               |                9 |             17 |
|  clk_IBUF_BUFG         | u_compute/u_checker/exp_A0_reg[49]0   | u_compute/u_checker/load_done_reg               |                4 |             17 |
|  clk_IBUF_BUFG         | u_compute/u_checker/exp_A0_reg[23]0   | u_compute/u_checker/load_done_reg               |                4 |             17 |
|  clk_IBUF_BUFG         | u_compute/u_checker/exp_A0_reg[32]0   | u_compute/u_checker/load_done_reg               |                6 |             17 |
|  clk_IBUF_BUFG         | u_compute/u_checker/exp_A0_reg[6]0    | u_compute/u_checker/load_done_reg               |                7 |             17 |
|  clk_IBUF_BUFG         | u_compute/u_checker/exp_A0_reg[9]0    | u_compute/u_checker/load_done_reg               |                8 |             17 |
|  clk_IBUF_BUFG         | u_compute/u_checker/exp_A0_reg[7]0    | u_compute/u_checker/load_done_reg               |                5 |             17 |
|  clk_IBUF_BUFG         | u_compute/u_checker/exp_A0_reg[62]0   | u_compute/u_checker/load_done_reg               |               10 |             17 |
|  clk_IBUF_BUFG         | u_compute/u_checker/exp_A0_reg[63]0   | u_compute/u_checker/load_done_reg               |               12 |             17 |
|  clk_IBUF_BUFG         | u_compute/u_checker/exp_A0_reg[8]0    | u_compute/u_checker/load_done_reg               |                9 |             17 |
|  clk_IBUF_BUFG         | u_compute/u_checker/exp_A0_reg[2]0    | u_compute/u_checker/load_done_reg               |                3 |             17 |
|  clk_IBUF_BUFG         | u_compute/u_checker/exp_A0_reg[40]0   | u_compute/u_checker/load_done_reg               |                5 |             17 |
|  clk_IBUF_BUFG         | u_compute/u_checker/exp_A0_reg[22]0   | u_compute/u_checker/load_done_reg               |                5 |             17 |
|  clk_IBUF_BUFG         | u_compute/u_checker/exp_A0_reg[0]0    | u_compute/u_checker/load_done_reg               |                4 |             17 |
|  clk_IBUF_BUFG         | u_compute/s_reg[16]_i_1_n_0           | u_compute/u_checker/load_done_reg               |                6 |             17 |
|  clk_IBUF_BUFG         | u_compute/scaled_s_reg[16]_i_1_n_0    | u_compute/u_checker/load_done_reg               |                5 |             17 |
|  clk_IBUF_BUFG         | u_compute/scale_reg[16]_i_1_n_0       | u_compute/u_checker/load_done_reg               |                7 |             17 |
|  clk_IBUF_BUFG         | u_compute/sv_reg[16]_i_1_n_0          | u_compute/u_checker/load_done_reg               |                7 |             17 |
|  clk_IBUF_BUFG         | u_compute/u_reg[16]_i_1_n_0           | u_compute/u_checker/load_done_reg               |                7 |             17 |
|  clk_IBUF_BUFG         | u_compute/vt_reg[16]_i_1_n_0          | u_compute/u_checker/load_done_reg               |                5 |             17 |
|  clk_IBUF_BUFG         | u_compute/u_checker/exp_A0_reg[4]0    | u_compute/u_checker/load_done_reg               |                4 |             17 |
|  clk_IBUF_BUFG         | u_compute/u_checker/exp_A0_reg[42]0   | u_compute/u_checker/load_done_reg               |                4 |             17 |
|  clk_IBUF_BUFG         | u_compute/u_checker/exp_A0_reg[52]0   | u_compute/u_checker/load_done_reg               |                3 |             17 |
|  clk_IBUF_BUFG         | u_compute/u_checker/exp_A0_reg[51]0   | u_compute/u_checker/load_done_reg               |                3 |             17 |
|  clk_IBUF_BUFG         | u_compute/u_checker/exp_A0_reg[47]0   | u_compute/u_checker/load_done_reg               |               11 |             17 |
|  clk_IBUF_BUFG         | u_compute/u_checker/exp_A0_reg[54]0   | u_compute/u_checker/load_done_reg               |                5 |             17 |
|  clk_IBUF_BUFG         | u_compute/u_checker/exp_A0_reg[56]0   | u_compute/u_checker/load_done_reg               |                6 |             17 |
|  clk_IBUF_BUFG         | u_compute/u_checker/exp_A0_reg[33]0   | u_compute/u_checker/load_done_reg               |                4 |             17 |
|  clk_IBUF_BUFG         | u_compute/u_checker/exp_A0_reg[55]0   | u_compute/u_checker/load_done_reg               |                3 |             17 |
|  clk_IBUF_BUFG         | u_compute/u_checker/exp_A0_reg[57]0   | u_compute/u_checker/load_done_reg               |                6 |             17 |
|  clk_IBUF_BUFG         | u_compute/u_checker/exp_A0_reg[41]0   | u_compute/u_checker/load_done_reg               |                5 |             17 |
|  clk_IBUF_BUFG         | u_compute/u_checker/exp_A0_reg[58]0   | u_compute/u_checker/load_done_reg               |                3 |             17 |
|  clk_IBUF_BUFG         | u_compute/u_checker/exp_A0_reg[59]0   | u_compute/u_checker/load_done_reg               |                4 |             17 |
|  clk_IBUF_BUFG         | u_compute/u_checker/exp_A0_reg[5]0    | u_compute/u_checker/load_done_reg               |                4 |             17 |
|  clk_IBUF_BUFG         | u_compute/u_checker/exp_A0_reg[60]0   | u_compute/u_checker/load_done_reg               |                7 |             17 |
|  clk_IBUF_BUFG         | u_compute/u_checker/exp_A0_reg[61]0   | u_compute/u_checker/load_done_reg               |                5 |             17 |
|  clk_IBUF_BUFG         | u_compute/u_checker/exp_A0_reg[14]0   | u_compute/u_checker/load_done_reg               |                5 |             17 |
|  vga_clk/inst/clk_out1 |                                       | vga_buf_1/vga_output_1/h_valid_count[9]_i_1_n_0 |                8 |             20 |
|  clk_IBUF_BUFG         | u_compute/bram_addr_in[13]_i_1_n_0    | u_compute/u_checker/load_done_reg               |                8 |             23 |
|  clk_IBUF_BUFG         | u_compute/counter[0]_i_1_n_0          | u_compute/u_checker/load_done_reg               |                8 |             31 |
|  clk_IBUF_BUFG         | uart_buf_1/bram_addra[13]_i_1_n_0     | reset_IBUF                                      |               11 |             31 |
|  clk_IBUF_BUFG         | u_compute/u_checker/E[0]              | u_compute/u_checker/load_done_reg               |                7 |             32 |
|  clk_IBUF_BUFG         | u_compute/u_checker/state_reg[0]_2[0] | u_compute/u_checker/load_done_reg               |                7 |             32 |
|  clk_IBUF_BUFG         | u_compute/u_checker/state_reg[0]_1[0] | u_compute/u_checker/load_done_reg               |                9 |             32 |
|  clk_IBUF_BUFG         | u_compute/u_checker/CEA2              | u_compute/u_checker/load_done_reg               |                9 |             34 |
+------------------------+---------------------------------------+-------------------------------------------------+------------------+----------------+


