Copyright 1986-2018 Xilinx, Inc. All Rights Reserved.
--------------------------------------------------------------------------------------------
| Tool Version : Vivado v.2018.3 (win64) Build 2405991 Thu Dec  6 23:38:27 MST 2018
| Date         : Tue Mar 31 14:23:03 2026
| Host         : Re1nA running 64-bit major release  (build 9200)
| Command      : report_control_sets -verbose -file project_mvp_top_control_sets_placed.rpt
| Design       : project_mvp_top
| Device       : xc7a100t
--------------------------------------------------------------------------------------------

Control Set Information

Table of Contents
-----------------
1. Summary
2. Histogram
3. Flip-Flop Distribution
4. Detailed Control Set Information

1. Summary
----------

+----------------------------------------------------------+-------+
|                          Status                          | Count |
+----------------------------------------------------------+-------+
| Number of unique control sets                            |   144 |
| Unused register locations in slices containing registers |   140 |
+----------------------------------------------------------+-------+


2. Histogram
------------

+--------+--------------+
| Fanout | Control Sets |
+--------+--------------+
|      1 |            8 |
|      2 |            1 |
|      3 |            1 |
|      4 |            1 |
|      5 |            3 |
|      6 |            2 |
|      8 |            3 |
|      9 |            1 |
|     10 |            2 |
|     12 |            2 |
|     14 |            1 |
|     15 |            1 |
|    16+ |          118 |
+--------+--------------+


3. Flip-Flop Distribution
-------------------------

+--------------+-----------------------+------------------------+-----------------+--------------+
| Clock Enable | Synchronous Set/Reset | Asynchronous Set/Reset | Total Registers | Total Slices |
+--------------+-----------------------+------------------------+-----------------+--------------+
| No           | No                    | No                     |              14 |            9 |
| No           | No                    | Yes                    |               0 |            0 |
| No           | Yes                   | No                     |              65 |           27 |
| Yes          | No                    | No                     |              10 |            4 |
| Yes          | No                    | Yes                    |               0 |            0 |
| Yes          | Yes                   | No                     |            2211 |         1195 |
+--------------+-----------------------+------------------------+-----------------+--------------+


4. Detailed Control Set Information
-----------------------------------

+------------------------+------------------------------------------------------------------------------------------------------------------------------------------+-----------------------------------------------+------------------+----------------+
|      Clock Signal      |                                                               Enable Signal                                                              |                Set/Reset Signal               | Slice Load Count | Bel Load Count |
+------------------------+------------------------------------------------------------------------------------------------------------------------------------------+-----------------------------------------------+------------------+----------------+
|  clk_IBUF_BUFG         | uart_rx_1/data_out[0]                                                                                                                    | uart_rx_1/data_out[7]_i_1_n_0                 |                1 |              1 |
|  clk_IBUF_BUFG         | uart_rx_1/data_out[6]                                                                                                                    | uart_rx_1/data_out[7]_i_1_n_0                 |                1 |              1 |
|  clk_IBUF_BUFG         | uart_rx_1/data_out[1]                                                                                                                    | uart_rx_1/data_out[7]_i_1_n_0                 |                1 |              1 |
|  clk_IBUF_BUFG         | uart_rx_1/data_out[4]                                                                                                                    | uart_rx_1/data_out[7]_i_1_n_0                 |                1 |              1 |
|  clk_IBUF_BUFG         | uart_rx_1/data_out[2]                                                                                                                    | uart_rx_1/data_out[7]_i_1_n_0                 |                1 |              1 |
|  clk_IBUF_BUFG         | uart_rx_1/data_out[5]                                                                                                                    | uart_rx_1/data_out[7]_i_1_n_0                 |                1 |              1 |
|  clk_IBUF_BUFG         | uart_rx_1/data_out[7]                                                                                                                    | uart_rx_1/data_out[7]_i_1_n_0                 |                1 |              1 |
|  clk_IBUF_BUFG         | uart_rx_1/data_out[3]                                                                                                                    | uart_rx_1/data_out[7]_i_1_n_0                 |                1 |              1 |
|  vga_clk/inst/clk_out1 |                                                                                                                                          |                                               |                2 |              2 |
|  vga_clk/inst/clk_out1 |                                                                                                                                          | reset_IBUF                                    |                3 |              3 |
|  vga_clk/inst/clk_out1 |                                                                                                                                          | vga_buf_1/vga_output_1/data_valid_delayed_reg |                1 |              4 |
|  clk_IBUF_BUFG         | input_bram/U0/inst_blk_mem_gen/gnbram.gnativebmg.native_blk_mem_gen/valid.cstr/has_mux_a.A/no_softecc_sel_reg.ce_pri.sel_pipe[4]_i_1_n_0 |                                               |                2 |              5 |
|  clk_IBUF_BUFG         | u_compute/u_preloader/ld_cap_valid_d0                                                                                                    | u_compute/u_preloader/ld_cap_lane_d1          |                2 |              5 |
|  clk_IBUF_BUFG         | mux_bram_enb                                                                                                                             |                                               |                2 |              5 |
|  clk_IBUF_BUFG         |                                                                                                                                          | u_compute/u_preloader/recon_start_reg         |                4 |              6 |
|  clk_IBUF_BUFG         | u_compute/u_preloader/ld_issue_idx                                                                                                       | u_compute/u_preloader/ld_cap_lane_d1          |                2 |              6 |
|  clk_IBUF_BUFG         | u_compute/sel                                                                                                                            | u_compute/u_preloader/recon_start_reg         |                4 |              8 |
|  clk_IBUF_BUFG         | u_compute/CEC                                                                                                                            | u_compute/u_preloader/recon_start_reg         |                3 |              8 |
|  clk_IBUF_BUFG         | uart_buf_1/byte0[7]_i_1_n_0                                                                                                              | reset_IBUF                                    |                1 |              8 |
|  clk_IBUF_BUFG         | u_compute/s_cap_idx_d1[6]_i_1_n_0                                                                                                        | u_compute/u_preloader/recon_start_reg         |                4 |              9 |
|  vga_clk/inst/clk_out1 | vga_buf_1/vga_output_1/v_count1__4                                                                                                       | vga_buf_1/vga_output_1/v_count[9]_i_1_n_0     |                5 |             10 |
|  vga_clk/inst/clk_out1 |                                                                                                                                          | vga_buf_1/vga_output_1/h_count[9]_i_1_n_0     |                4 |             10 |
|  clk_IBUF_BUFG         |                                                                                                                                          |                                               |                7 |             12 |
|  clk_IBUF_BUFG         |                                                                                                                                          | reset_IBUF                                    |                5 |             12 |
|  vga_clk/inst/clk_out1 |                                                                                                                                          | vga_buf_1/vga_output_1/SR[0]                  |                4 |             14 |
|  clk_IBUF_BUFG         | u_compute/s_cap_idx_d0                                                                                                                   | u_compute/u_preloader/recon_start_reg         |                4 |             15 |
|  clk_IBUF_BUFG         | u_compute/s_cache[11][15]_i_1_n_0                                                                                                        | u_compute/u_preloader/recon_start_reg         |               13 |             16 |
|  clk_IBUF_BUFG         | u_compute/s_cache[14][15]_i_1_n_0                                                                                                        | u_compute/u_preloader/recon_start_reg         |               11 |             16 |
|  clk_IBUF_BUFG         | u_compute/s_cache[18][15]_i_1_n_0                                                                                                        | u_compute/u_preloader/recon_start_reg         |                7 |             16 |
|  clk_IBUF_BUFG         | u_compute/s_cache[0][15]_i_1_n_0                                                                                                         | u_compute/u_preloader/recon_start_reg         |                5 |             16 |
|  clk_IBUF_BUFG         | u_compute/s_cache[10][15]_i_1_n_0                                                                                                        | u_compute/u_preloader/recon_start_reg         |                9 |             16 |
|  clk_IBUF_BUFG         | u_compute/s_cache[12][15]_i_1_n_0                                                                                                        | u_compute/u_preloader/recon_start_reg         |               10 |             16 |
|  clk_IBUF_BUFG         | u_compute/s_cache[13][15]_i_1_n_0                                                                                                        | u_compute/u_preloader/recon_start_reg         |               11 |             16 |
|  clk_IBUF_BUFG         | u_compute/s_cache[15][15]_i_1_n_0                                                                                                        | u_compute/u_preloader/recon_start_reg         |               14 |             16 |
|  clk_IBUF_BUFG         | u_compute/s_cache[27][15]_i_1_n_0                                                                                                        | u_compute/u_preloader/recon_start_reg         |               11 |             16 |
|  clk_IBUF_BUFG         | u_compute/s_cache[1][15]_i_1_n_0                                                                                                         | u_compute/u_preloader/recon_start_reg         |                6 |             16 |
|  clk_IBUF_BUFG         | u_compute/s_cache[45][15]_i_1_n_0                                                                                                        | u_compute/u_preloader/recon_start_reg         |               11 |             16 |
|  clk_IBUF_BUFG         | u_compute/s_cache[48][15]_i_1_n_0                                                                                                        | u_compute/u_preloader/recon_start_reg         |               11 |             16 |
|  clk_IBUF_BUFG         | u_compute/s_cache[20][15]_i_1_n_0                                                                                                        | u_compute/u_preloader/recon_start_reg         |               11 |             16 |
|  clk_IBUF_BUFG         | u_compute/s_cache[2][15]_i_1_n_0                                                                                                         | u_compute/u_preloader/recon_start_reg         |                5 |             16 |
|  clk_IBUF_BUFG         | u_compute/s_cache[4][15]_i_1_n_0                                                                                                         | u_compute/u_preloader/recon_start_reg         |               12 |             16 |
|  clk_IBUF_BUFG         | u_compute/s_cache[40][15]_i_1_n_0                                                                                                        | u_compute/u_preloader/recon_start_reg         |                9 |             16 |
|  clk_IBUF_BUFG         | u_compute/s_cache[19][15]_i_1_n_0                                                                                                        | u_compute/u_preloader/recon_start_reg         |               10 |             16 |
|  clk_IBUF_BUFG         | u_compute/s_cache[23][15]_i_1_n_0                                                                                                        | u_compute/u_preloader/recon_start_reg         |               10 |             16 |
|  clk_IBUF_BUFG         | u_compute/s_cache[42][15]_i_1_n_0                                                                                                        | u_compute/u_preloader/recon_start_reg         |               11 |             16 |
|  clk_IBUF_BUFG         | u_compute/s_cache[25][15]_i_1_n_0                                                                                                        | u_compute/u_preloader/recon_start_reg         |                4 |             16 |
|  clk_IBUF_BUFG         | u_compute/s_cache[43][15]_i_1_n_0                                                                                                        | u_compute/u_preloader/recon_start_reg         |                9 |             16 |
|  clk_IBUF_BUFG         | u_compute/s_cache[37][15]_i_1_n_0                                                                                                        | u_compute/u_preloader/recon_start_reg         |                7 |             16 |
|  clk_IBUF_BUFG         | u_compute/s_cache[28][15]_i_1_n_0                                                                                                        | u_compute/u_preloader/recon_start_reg         |               14 |             16 |
|  clk_IBUF_BUFG         | u_compute/s_cache[41][15]_i_1_n_0                                                                                                        | u_compute/u_preloader/recon_start_reg         |               12 |             16 |
|  clk_IBUF_BUFG         | u_compute/s_cache[35][15]_i_1_n_0                                                                                                        | u_compute/u_preloader/recon_start_reg         |                7 |             16 |
|  clk_IBUF_BUFG         | u_compute/s_cache[29][15]_i_1_n_0                                                                                                        | u_compute/u_preloader/recon_start_reg         |               13 |             16 |
|  clk_IBUF_BUFG         | u_compute/s_cache[21][15]_i_1_n_0                                                                                                        | u_compute/u_preloader/recon_start_reg         |                9 |             16 |
|  clk_IBUF_BUFG         | u_compute/s_cache[22][15]_i_1_n_0                                                                                                        | u_compute/u_preloader/recon_start_reg         |               10 |             16 |
|  clk_IBUF_BUFG         | u_compute/s_cache[44][15]_i_1_n_0                                                                                                        | u_compute/u_preloader/recon_start_reg         |                9 |             16 |
|  clk_IBUF_BUFG         | u_compute/s_cache[31][15]_i_1_n_0                                                                                                        | u_compute/u_preloader/recon_start_reg         |               12 |             16 |
|  clk_IBUF_BUFG         | u_compute/s_cache[38][15]_i_1_n_0                                                                                                        | u_compute/u_preloader/recon_start_reg         |               10 |             16 |
|  clk_IBUF_BUFG         | u_compute/s_cache[49][15]_i_1_n_0                                                                                                        | u_compute/u_preloader/recon_start_reg         |                9 |             16 |
|  clk_IBUF_BUFG         | u_compute/s_cache[50][15]_i_1_n_0                                                                                                        | u_compute/u_preloader/recon_start_reg         |                9 |             16 |
|  clk_IBUF_BUFG         | u_compute/s_cache[33][15]_i_1_n_0                                                                                                        | u_compute/u_preloader/recon_start_reg         |                9 |             16 |
|  clk_IBUF_BUFG         | u_compute/s_cache[24][15]_i_1_n_0                                                                                                        | u_compute/u_preloader/recon_start_reg         |                8 |             16 |
|  clk_IBUF_BUFG         | u_compute/s_cache[26][15]_i_1_n_0                                                                                                        | u_compute/u_preloader/recon_start_reg         |                9 |             16 |
|  clk_IBUF_BUFG         | u_compute/s_cache[47][15]_i_1_n_0                                                                                                        | u_compute/u_preloader/recon_start_reg         |               15 |             16 |
|  clk_IBUF_BUFG         | u_compute/s_cache[30][15]_i_1_n_0                                                                                                        | u_compute/u_preloader/recon_start_reg         |               13 |             16 |
|  clk_IBUF_BUFG         | u_compute/s_cache[36][15]_i_1_n_0                                                                                                        | u_compute/u_preloader/recon_start_reg         |                7 |             16 |
|  clk_IBUF_BUFG         | u_compute/s_cache[46][15]_i_1_n_0                                                                                                        | u_compute/u_preloader/recon_start_reg         |               11 |             16 |
|  clk_IBUF_BUFG         | u_compute/s_cache[39][15]_i_1_n_0                                                                                                        | u_compute/u_preloader/recon_start_reg         |               10 |             16 |
|  clk_IBUF_BUFG         | u_compute/s_cache[32][15]_i_1_n_0                                                                                                        | u_compute/u_preloader/recon_start_reg         |               14 |             16 |
|  clk_IBUF_BUFG         | u_compute/s_cache[34][15]_i_1_n_0                                                                                                        | u_compute/u_preloader/recon_start_reg         |               10 |             16 |
|  clk_IBUF_BUFG         | u_compute/s_cache[81][15]_i_1_n_0                                                                                                        | u_compute/u_preloader/recon_start_reg         |                8 |             16 |
|  clk_IBUF_BUFG         | u_compute/s_cache[82][15]_i_1_n_0                                                                                                        | u_compute/u_preloader/recon_start_reg         |                7 |             16 |
|  clk_IBUF_BUFG         | u_compute/s_cache[83][15]_i_1_n_0                                                                                                        | u_compute/u_preloader/recon_start_reg         |                8 |             16 |
|  clk_IBUF_BUFG         | u_compute/s_cache[3][15]_i_1_n_0                                                                                                         | u_compute/u_preloader/recon_start_reg         |                9 |             16 |
|  clk_IBUF_BUFG         | u_compute/s_cache[85][15]_i_1_n_0                                                                                                        | u_compute/u_preloader/recon_start_reg         |               10 |             16 |
|  clk_IBUF_BUFG         | u_compute/s_cache[87][15]_i_1_n_0                                                                                                        | u_compute/u_preloader/recon_start_reg         |               10 |             16 |
|  clk_IBUF_BUFG         | u_compute/s_cache[8][15]_i_1_n_0                                                                                                         | u_compute/u_preloader/recon_start_reg         |               16 |             16 |
|  clk_IBUF_BUFG         | u_compute/s_cache[68][15]_i_1_n_0                                                                                                        | u_compute/u_preloader/recon_start_reg         |                6 |             16 |
|  clk_IBUF_BUFG         | u_compute/s_cache[88][15]_i_1_n_0                                                                                                        | u_compute/u_preloader/recon_start_reg         |                6 |             16 |
|  clk_IBUF_BUFG         | u_compute/s_cache[61][15]_i_1_n_0                                                                                                        | u_compute/u_preloader/recon_start_reg         |                9 |             16 |
|  clk_IBUF_BUFG         | u_compute/s_cache[77][15]_i_1_n_0                                                                                                        | u_compute/u_preloader/recon_start_reg         |                9 |             16 |
|  clk_IBUF_BUFG         | u_compute/s_cache[79][15]_i_1_n_0                                                                                                        | u_compute/u_preloader/recon_start_reg         |               12 |             16 |
|  clk_IBUF_BUFG         | u_compute/s_cache[7][15]_i_1_n_0                                                                                                         | u_compute/u_preloader/recon_start_reg         |               13 |             16 |
|  clk_IBUF_BUFG         | u_compute/s_cache[78][15]_i_1_n_0                                                                                                        | u_compute/u_preloader/recon_start_reg         |               10 |             16 |
|  clk_IBUF_BUFG         | u_compute/s_cache[5][15]_i_1_n_0                                                                                                         | u_compute/u_preloader/recon_start_reg         |               10 |             16 |
|  clk_IBUF_BUFG         | u_compute/s_cache[86][15]_i_1_n_0                                                                                                        | u_compute/u_preloader/recon_start_reg         |                8 |             16 |
|  clk_IBUF_BUFG         | u_compute/s_cache[89][15]_i_1_n_0                                                                                                        | u_compute/u_preloader/recon_start_reg         |                4 |             16 |
|  clk_IBUF_BUFG         | u_compute/s_cache[53][15]_i_1_n_0                                                                                                        | u_compute/u_preloader/recon_start_reg         |                6 |             16 |
|  clk_IBUF_BUFG         | u_compute/s_cache[54][15]_i_1_n_0                                                                                                        | u_compute/u_preloader/recon_start_reg         |                6 |             16 |
|  clk_IBUF_BUFG         | u_compute/s_cache[62][15]_i_1_n_0                                                                                                        | u_compute/u_preloader/recon_start_reg         |               10 |             16 |
|  clk_IBUF_BUFG         | u_compute/s_cache[80][15]_i_1_n_0                                                                                                        | u_compute/u_preloader/recon_start_reg         |               12 |             16 |
|  clk_IBUF_BUFG         | u_compute/s_cache[60][15]_i_1_n_0                                                                                                        | u_compute/u_preloader/recon_start_reg         |               10 |             16 |
|  clk_IBUF_BUFG         | u_compute/s_cache[58][15]_i_1_n_0                                                                                                        | u_compute/u_preloader/recon_start_reg         |                7 |             16 |
|  clk_IBUF_BUFG         | u_compute/s_cache[55][15]_i_1_n_0                                                                                                        | u_compute/u_preloader/recon_start_reg         |               10 |             16 |
|  clk_IBUF_BUFG         | u_compute/s_cache[59][15]_i_1_n_0                                                                                                        | u_compute/u_preloader/recon_start_reg         |               12 |             16 |
|  clk_IBUF_BUFG         | u_compute/s_cache[57][15]_i_1_n_0                                                                                                        | u_compute/u_preloader/recon_start_reg         |                9 |             16 |
|  clk_IBUF_BUFG         | u_compute/s_cache[64][15]_i_1_n_0                                                                                                        | u_compute/u_preloader/recon_start_reg         |               10 |             16 |
|  clk_IBUF_BUFG         | u_compute/s_cache[65][15]_i_1_n_0                                                                                                        | u_compute/u_preloader/recon_start_reg         |                9 |             16 |
|  clk_IBUF_BUFG         | u_compute/s_cache[70][15]_i_1_n_0                                                                                                        | u_compute/u_preloader/recon_start_reg         |                9 |             16 |
|  clk_IBUF_BUFG         | u_compute/s_cache[56][15]_i_1_n_0                                                                                                        | u_compute/u_preloader/recon_start_reg         |               11 |             16 |
|  clk_IBUF_BUFG         | u_compute/s_cache[71][15]_i_1_n_0                                                                                                        | u_compute/u_preloader/recon_start_reg         |               11 |             16 |
|  clk_IBUF_BUFG         | u_compute/s_cache[73][15]_i_1_n_0                                                                                                        | u_compute/u_preloader/recon_start_reg         |                8 |             16 |
|  clk_IBUF_BUFG         | u_compute/s_cache[6][15]_i_1_n_0                                                                                                         | u_compute/u_preloader/recon_start_reg         |               12 |             16 |
|  clk_IBUF_BUFG         | u_compute/s_cache[72][15]_i_1_n_0                                                                                                        | u_compute/u_preloader/recon_start_reg         |                7 |             16 |
|  clk_IBUF_BUFG         | u_compute/s_cache[63][15]_i_1_n_0                                                                                                        | u_compute/u_preloader/recon_start_reg         |               14 |             16 |
|  clk_IBUF_BUFG         | u_compute/s_cache[74][15]_i_1_n_0                                                                                                        | u_compute/u_preloader/recon_start_reg         |               14 |             16 |
|  clk_IBUF_BUFG         | u_compute/s_cache[75][15]_i_1_n_0                                                                                                        | u_compute/u_preloader/recon_start_reg         |               11 |             16 |
|  clk_IBUF_BUFG         | u_compute/s_cache[66][15]_i_1_n_0                                                                                                        | u_compute/u_preloader/recon_start_reg         |                8 |             16 |
|  clk_IBUF_BUFG         | u_compute/s_cache[76][15]_i_1_n_0                                                                                                        | u_compute/u_preloader/recon_start_reg         |               10 |             16 |
|  clk_IBUF_BUFG         | u_compute/s_cache[52][15]_i_1_n_0                                                                                                        | u_compute/u_preloader/recon_start_reg         |                5 |             16 |
|  clk_IBUF_BUFG         | u_compute/s_cache[51][15]_i_1_n_0                                                                                                        | u_compute/u_preloader/recon_start_reg         |                8 |             16 |
|  clk_IBUF_BUFG         | u_compute/s_cache[67][15]_i_1_n_0                                                                                                        | u_compute/u_preloader/recon_start_reg         |                7 |             16 |
|  clk_IBUF_BUFG         | u_compute/s_cache[97][15]_i_1_n_0                                                                                                        | u_compute/u_preloader/recon_start_reg         |               12 |             16 |
|  clk_IBUF_BUFG         | u_compute/s_cache[90][15]_i_1_n_0                                                                                                        | u_compute/u_preloader/recon_start_reg         |                8 |             16 |
|  clk_IBUF_BUFG         | u_compute/s_cache[93][15]_i_1_n_0                                                                                                        | u_compute/u_preloader/recon_start_reg         |               12 |             16 |
|  clk_IBUF_BUFG         | u_compute/s_cache[99][15]_i_1_n_0                                                                                                        | u_compute/u_preloader/recon_start_reg         |               12 |             16 |
|  clk_IBUF_BUFG         | u_compute/s_cache[91][15]_i_1_n_0                                                                                                        | u_compute/u_preloader/recon_start_reg         |                9 |             16 |
|  clk_IBUF_BUFG         | u_compute/s_cache[92][15]_i_1_n_0                                                                                                        | u_compute/u_preloader/recon_start_reg         |               10 |             16 |
|  clk_IBUF_BUFG         | u_compute/s_cache[9][15]_i_1_n_0                                                                                                         | u_compute/u_preloader/recon_start_reg         |               15 |             16 |
|  clk_IBUF_BUFG         | u_compute/s_cache[96][15]_i_1_n_0                                                                                                        | u_compute/u_preloader/recon_start_reg         |               12 |             16 |
|  clk_IBUF_BUFG         | u_compute/s_cache[98][15]_i_1_n_0                                                                                                        | u_compute/u_preloader/recon_start_reg         |               10 |             16 |
|  clk_IBUF_BUFG         | u_compute/s_cache[94][15]_i_1_n_0                                                                                                        | u_compute/u_preloader/recon_start_reg         |               13 |             16 |
|  clk_IBUF_BUFG         | u_compute/s_cache[95][15]_i_1_n_0                                                                                                        | u_compute/u_preloader/recon_start_reg         |               13 |             16 |
|  clk_IBUF_BUFG         | u_compute/s_cache[84][15]_i_1_n_0                                                                                                        | u_compute/u_preloader/recon_start_reg         |                5 |             16 |
|  clk_IBUF_BUFG         |                                                                                                                                          | uart_rx_1/clk_count[15]_i_1_n_0               |                6 |             16 |
|  clk_IBUF_BUFG         | u_compute/u_preloader/load_active3_out                                                                                                   | u_compute/u_preloader/RSTB                    |                4 |             16 |
|  clk_IBUF_BUFG         | u_compute/s_cache[17][15]_i_1_n_0                                                                                                        | u_compute/u_preloader/recon_start_reg         |                8 |             16 |
|  clk_IBUF_BUFG         | u_compute/s_cache[16][15]_i_1_n_0                                                                                                        | u_compute/u_preloader/recon_start_reg         |               12 |             16 |
|  clk_IBUF_BUFG         | u_compute/s_cache[69][15]_i_1_n_0                                                                                                        | u_compute/u_preloader/recon_start_reg         |                9 |             16 |
|  clk_IBUF_BUFG         | uart_rx_1/rx_state                                                                                                                       | reset_IBUF                                    |                5 |             17 |
|  clk_IBUF_BUFG         | u_compute/CEP                                                                                                                            | u_compute/u_preloader/recon_start_reg         |                9 |             20 |
|  clk_IBUF_BUFG         | u_compute/u_preloader/ld_cap_valid_d1_reg_3[0]                                                                                           | u_compute/u_preloader/recon_start_reg         |               12 |             32 |
|  clk_IBUF_BUFG         | u_compute/u_preloader/ld_cap_valid_d1_reg_0[0]                                                                                           | u_compute/u_preloader/recon_start_reg         |               10 |             32 |
|  clk_IBUF_BUFG         | u_compute/u_preloader/ld_cap_valid_d1_reg_4[0]                                                                                           | u_compute/u_preloader/recon_start_reg         |               12 |             32 |
|  clk_IBUF_BUFG         | u_compute/u_preloader/ld_cap_valid_d1_reg_1[0]                                                                                           | u_compute/u_preloader/recon_start_reg         |               11 |             32 |
|  clk_IBUF_BUFG         | u_compute/u_preloader/ld_cap_valid_d1_reg_5[0]                                                                                           | u_compute/u_preloader/recon_start_reg         |                9 |             32 |
|  clk_IBUF_BUFG         | u_compute/u_preloader/ld_cap_valid_d1_reg_6[0]                                                                                           | u_compute/u_preloader/recon_start_reg         |               11 |             32 |
|  clk_IBUF_BUFG         | u_compute/u_preloader/ld_cap_valid_d1_reg_8[0]                                                                                           | u_compute/u_preloader/recon_start_reg         |               13 |             32 |
|  clk_IBUF_BUFG         | u_compute/u_preloader/ld_cap_valid_d1_reg_2[0]                                                                                           | u_compute/u_preloader/recon_start_reg         |               13 |             32 |
|  clk_IBUF_BUFG         | u_compute/u_preloader/E[0]                                                                                                               | u_compute/u_preloader/recon_start_reg         |                9 |             32 |
|  clk_IBUF_BUFG         | u_compute/u_preloader/ld_cap_valid_d1_reg_7[0]                                                                                           | u_compute/u_preloader/recon_start_reg         |               10 |             32 |
|  clk_IBUF_BUFG         | uart_buf_1/bram_addra[16]_i_1_n_0                                                                                                        | reset_IBUF                                    |               11 |             33 |
|  clk_IBUF_BUFG         | u_compute/u_preloader/exp_u_bram_addr[16]_i_2_n_0                                                                                        | u_compute/u_preloader/recon_start_reg         |               11 |             34 |
|  clk_IBUF_BUFG         | u_compute/comp_base_t[7]_i_1_n_0                                                                                                         | u_compute/u_preloader/recon_start_reg         |               19 |             46 |
|  clk_IBUF_BUFG         | u_compute/acc[47]_i_1_n_0                                                                                                                | u_compute/u_preloader/recon_start_reg         |               15 |             48 |
+------------------------+------------------------------------------------------------------------------------------------------------------------------------------+-----------------------------------------------+------------------+----------------+


